Script started on Fri 30 Aug 2019 09:34:43 PM CDT
[?1034hbash-4.2$ git add *.c
bash-4.2$ git status
# On branch master
# Untracked files:
#   (use "git add <file>..." to include in what will be committed)
#
#	task4.script
nothing added to commit but untracked files present (use "git add" to track)
bash-4.2$ git add task[K[K[K[K[K[K[K[K[K[K[K[Kgit commit -m "this if fo[K[K[K[Ks for my script file."
# On branch master
# Untracked files:
#   (use "git add <file>..." to include in what will be committed)
#
#	task4.script
nothing added to commit but untracked files present (use "git add" to track)
bash-4.2$ git diff
[?1h=[K[?1l>bash-4.2$ git log
[?1h=commit 2746c9d3d8a159c2fb20d08d88dc18b642cad3da[m
Author: nealsiegfried <nealsiegfried@gmail.com>[m
Date:   Fri Aug 30 21:28:59 2019 -0500[m
[m
    this is hopefully it[m
[K[?1l>bash-4.2$ exit
exit

Script done on Fri 30 Aug 2019 09:36:07 PM CDT
